<div>
    <b translate>abc</b> {{test1}} {{test2}}
</div>
<div>
    <b>{{test3}}</b> {{test1}} {{test2}}
</div>