<div translate>
    <strong>Hello</strong> world <u>underline</u>
</div>