<html>
    <head>
        <title>Test</title>
    </head>
    <body>
        <div translate>Test</div>
    </body>
</html>