<div>
    <b translate>Only b tag should be annotated.</b>
</div>