<div translate>
    {{ bindingOne }} text {{ bindingTwo }}
</div>